Akash-Jagannathans-MacBook-194:branching_test Akash$ cd ..
Akash-Jagannathans-MacBook-194:Desktop Akash$ mkdir basic_repo
Akash-Jagannathans-MacBook-194:Desktop Akash$ cd basic_repo
Akash-Jagannathans-MacBook-194:basic_repo Akash$ git init
Initialized empty Git repository in /Users/Akash/Desktop/basic_repo/.git/
Akash-Jagannathans-MacBook-194:basic_repo Akash$ touch basicfile1.txt
Akash-Jagannathans-MacBook-194:basic_repo Akash$ touch basicfile2.txt
Akash-Jagannathans-MacBook-194:basic_repo Akash$ open basicfile1.txt
Akash-Jagannathans-MacBook-194:basic_repo Akash$ open basicfile2.txt
Akash-Jagannathans-MacBook-194:basic_repo Akash$ git add .
Akash-Jagannathans-MacBook-194:basic_repo Akash$ git commit -m "adding 2 basic files to local repo"
[master (root-commit) e5f5418] adding 2 basic files to local repo
 2 files changed, 2 insertions(+)
 create mode 100644 basicfile1.txt
 create mode 100644 basicfile2.txt
Akash-Jagannathans-MacBook-194:basic_repo Akash$ git status
On branch master
nothing to commit, working tree clean
Akash-Jagannathans-MacBook-194:basic_repo Akash$ git branch
* master
Akash-Jagannathans-MacBook-194:basic_repo Akash$ git remote add origin https://github.com/ajag408/basic_repo.git
Akash-Jagannathans-MacBook-194:basic_repo Akash$ git push -u origin master
Counting objects: 4, done.
Delta compression using up to 4 threads.
Compressing objects: 100% (2/2), done.
Writing objects: 100% (4/4), 321 bytes | 0 bytes/s, done.
Total 4 (delta 0), reused 0 (delta 0)
To https://github.com/ajag408/basic_repo.git
 * [new branch]      master -> master
Branch master set up to track remote branch master from origin.
Akash-Jagannathans-MacBook-194:basic_repo Akash$ open basicfile1.txt
Akash-Jagannathans-MacBook-194:basic_repo Akash$ open basicfile2.txt
Akash-Jagannathans-MacBook-194:basic_repo Akash$ git add .
Akash-Jagannathans-MacBook-194:basic_repo Akash$ git commit -m "more content"
[master b33b8d8] more content
 2 files changed, 6 insertions(+), 2 deletions(-)
Akash-Jagannathans-MacBook-194:basic_repo Akash$ git push -u origin master
Counting objects: 4, done.
Delta compression using up to 4 threads.
Compressing objects: 100% (4/4), done.
Writing objects: 100% (4/4), 404 bytes | 0 bytes/s, done.
Total 4 (delta 0), reused 0 (delta 0)
To https://github.com/ajag408/basic_repo.git
   e5f5418..b33b8d8  master -> master
Branch master set up to track remote branch master from origin.
Akash-Jagannathans-MacBook-194:basic_repo Akash$ 