Akash-Jagannathans-MacBook-194:Desktop Akash$ cd DojoAssignments
Akash-Jagannathans-MacBook-194:DojoAssignments Akash$ git init
Initialized empty Git repository in /Users/Akash/Desktop/DojoAssignments/.git/
Akash-Jagannathans-MacBook-194:DojoAssignments Akash$ git add .
Akash-Jagannathans-MacBook-194:DojoAssignments Akash$ git commit -m "adding all folders to the local git repository"
[master (root-commit) 8ba0ded] adding all folders to the local git repository
 11 files changed, 0 insertions(+), 0 deletions(-)
 create mode 100644 MEAN/about.txt
 create mode 100644 Python/about.txt
 create mode 100644 Ruby/about.txt
 create mode 100644 WebFundamentals/CSS/about.txt
 create mode 100644 WebFundamentals/Git/about.txt
 create mode 100644 WebFundamentals/HTML/about.txt
 create mode 100644 WebFundamentals/HTML/indentation.html
 create mode 100644 WebFundamentals/Javascript/about.txt
 create mode 100644 WebFundamentals/about.txt
 create mode 100644 iOS/about.txt
 create mode 100644 netCore/about.txt
Akash-Jagannathans-MacBook-194:DojoAssignments Akash$ git remote add origin https://github.com/ajag408/DojoAssignments.git
Akash-Jagannathans-MacBook-194:DojoAssignments Akash$ git push -u origin master
Username for 'https://github.com': ajag408
Password for 'https://ajag408@github.com': 
remote: Invalid username or password.
fatal: Authentication failed for 'https://github.com/ajag408/DojoAssignments.git/'
Akash-Jagannathans-MacBook-194:DojoAssignments Akash$ git remote add origin https://github.com/ajag408/DojoAssignments.git
fatal: remote origin already exists.
Akash-Jagannathans-MacBook-194:DojoAssignments Akash$ git push -u origin master
Username for 'https://github.com': ajag408
Password for 'https://ajag408@github.com': 
Counting objects: 6, done.
Delta compression using up to 4 threads.
Compressing objects: 100% (4/4), done.
Writing objects: 100% (6/6), 546 bytes | 0 bytes/s, done.
Total 6 (delta 0), reused 0 (delta 0)
To https://github.com/ajag408/DojoAssignments.git
 * [new branch]      master -> master
Branch master set up to track remote branch master from origin.
Akash-Jagannathans-MacBook-194:DojoAssignments Akash$ touch readme.md
Akash-Jagannathans-MacBook-194:DojoAssignments Akash$ git status
On branch master
Your branch is up-to-date with 'origin/master'.
Untracked files:
  (use "git add <file>..." to include in what will be committed)

	readme.md

nothing added to commit but untracked files present (use "git add" to track)
Akash-Jagannathans-MacBook-194:DojoAssignments Akash$ git add .
Akash-Jagannathans-MacBook-194:DojoAssignments Akash$ git commit -m "adding readme"
[master fa19027] adding readme
 1 file changed, 0 insertions(+), 0 deletions(-)
 create mode 100644 readme.md
Akash-Jagannathans-MacBook-194:DojoAssignments Akash$ git push -u origin master
Counting objects: 2, done.
Delta compression using up to 4 threads.
Compressing objects: 100% (2/2), done.
Writing objects: 100% (2/2), 268 bytes | 0 bytes/s, done.
Total 2 (delta 1), reused 0 (delta 0)
remote: Resolving deltas: 100% (1/1), completed with 1 local objects.
To https://github.com/ajag408/DojoAssignments.git
   8ba0ded..fa19027  master -> master
Branch master set up to track remote branch master from origin.

